
C:\Users\hp\Downloads\FoodBridge\backend>"C:\Program Files\Eclipse Adoptium\jdk-25.0.3.9-hotspot\bin\..\bin\java.exe"   -classpath "C:\Users\hp\Downloads\FoodBridge\backend\.mvn\wrapper\maven-wrapper.jar" "-Dmaven.multiModuleProjectDirectory=C:\Users\hp\Downloads\FoodBridge\backend" org.apache.maven.wrapper.MavenWrapperMain clean compile 
.\mvnw.cmd : WARNING: A restricted method in java.lang.System has been called
At line:1 char:1
+ .\mvnw.cmd clean compile 2>&1 | Out-File -FilePath compile_output.txt ...
+ ~~~~~~~~~~~~~~~~~~~~~~~~~~~~~
    + CategoryInfo          : NotSpecified: (WARNING: A rest...has been called:String) [], RemoteException
    + FullyQualifiedErrorId : NativeCommandError
 
WARNING: java.lang.System::load has been called by org.fusesource.jansi.internal.JansiLoader in an unnamed module 
(file:/C:/Users/hp/.m2/wrapper/dists/apache-maven-3.9.9-bin/33b4b2b4/apache-maven-3.9.9/lib/jansi-2.4.1.jar)
WARNING: Use --enable-native-access=ALL-UNNAMED to avoid a warning for callers in this module
WARNING: Restricted methods will be blocked in a future release unless native access is enabled

WARNING: A terminally deprecated method in sun.misc.Unsafe has been called
WARNING: sun.misc.Unsafe::objectFieldOffset has been called by 
com.google.common.util.concurrent.AbstractFuture$UnsafeAtomicHelper 
(file:/C:/Users/hp/.m2/wrapper/dists/apache-maven-3.9.9-bin/33b4b2b4/apache-maven-3.9.9/lib/guava-33.2.1-jre.jar)
WARNING: Please consider reporting this to the maintainers of class 
com.google.common.util.concurrent.AbstractFuture$UnsafeAtomicHelper
WARNING: sun.misc.Unsafe::objectFieldOffset will be removed in a future release
[INFO] Scanning for projects...
[INFO] 
[INFO] -----------------< com.foodbridge:foodbridge-backend >------------------
[INFO] Building FoodBridge Backend 1.0.0-SNAPSHOT
[INFO]   from pom.xml
[INFO] --------------------------------[ jar ]---------------------------------
[INFO] 
[INFO] --- clean:3.3.2:clean (default-clean) @ foodbridge-backend ---
[INFO] Deleting C:\Users\hp\Downloads\FoodBridge\backend\target
[INFO] 
[INFO] --- resources:3.3.1:resources (default-resources) @ foodbridge-backend ---
[INFO] Copying 3 resources from src\main\resources to target\classes
[INFO] Copying 1 resource from src\main\resources to target\classes
[INFO] 
[INFO] --- compiler:3.13.0:compile (default-compile) @ foodbridge-backend ---
[INFO] Recompiling the module because of changed source code.
[INFO] Compiling 81 source files with javac [debug parameters release 21] to target\classes
[INFO] ------------------------------------------------------------------------
[INFO] BUILD SUCCESS
[INFO] ------------------------------------------------------------------------
[INFO] Total time:  14.595 s
[INFO] Finished at: 2026-07-08T21:10:38+05:30
[INFO] ------------------------------------------------------------------------
